// Jest Snapshot v1, https://goo.gl/fbAQLP

exports[`<AvatarGroup/> should renders correctly 1`] = `
<div>
  <input
    autocomplete="off"
    class="sc-bdfBwQ bbRCOV"
    placeholder="Default input"
    type="text"
    value=""
  />
  <input
    autocomplete="off"
    class="sc-bdfBwQ dMkIpY"
    placeholder="Large input"
    type="text"
    value=""
  />
  <input
    autocomplete="off"
    class="sc-bdfBwQ fqaTNT"
    placeholder="Small input"
    type="text"
    value=""
  />
</div>
`;
