// Jest Snapshot v1, https://goo.gl/fbAQLP

exports[`<SectionMessage/> should renders correctly 1`] = `
<section
  class="sc-eCssSg ecvDAy"
>
  <div
    class="sc-gsTCUz djOLNO"
  >
    <div
      class="sc-bdfBwQ efsVsR"
    >
      <i
        aria-hidden="true"
        class="sc-hKgILt mkjPA fas fa-info-circle"
      />
    </div>
    <div
      class="sc-bdfBwQ byYmRN"
    >
      <h3
        class="sc-dlfnbm bBjYHD"
      >
        Info
      </h3>
      The quick brown fox jumps over the lazy dog
    </div>
  </div>
</section>
`;
