// Jest Snapshot v1, https://goo.gl/fbAQLP

exports[`<AvatarGroup/> should renders correctly 1`] = `
Object {
  "asFragment": [Function],
  "baseElement": .c0 {
  -webkit-align-content: space-between;
  -ms-flex-line-pack: space-between;
  align-content: space-between;
  -webkit-align-items: flex-start;
  -webkit-box-align: flex-start;
  -ms-flex-align: flex-start;
  align-items: flex-start;
  display: -webkit-box;
  display: -webkit-flex;
  display: -ms-flexbox;
  display: flex;
}

.c1 {
  -webkit-flex: 0 0 auto;
  -ms-flex: 0 0 auto;
  flex: 0 0 auto;
}

.c5 {
  -webkit-flex: 1 1 auto;
  -ms-flex: 1 1 auto;
  flex: 1 1 auto;
  -webkit-align-self: center;
  -ms-flex-item-align: center;
  align-self: center;
}

.c5:not(:last-child) {
  padding-right: 0.4rem;
}

.c5:not(:first-child) {
  padding-left: 0.4rem;
}

.c6 {
  font-weight: 500;
  margin-bottom: 0.2em;
}

.c7 {
  color: #4D6171;
  font-size: 0.7rem;
}

.c8 {
  -webkit-flex: 0 0 auto;
  -ms-flex: 0 0 auto;
  flex: 0 0 auto;
}

.c2 {
  border-radius: 50%;
  color: rgba(255,255,255,0.85);
  display: inline-block;
  line-height: 1.25;
  margin: 0;
  position: relative;
  vertical-align: middle;
  height: 2.8rem;
  width: 2.8rem;
}

.c3 {
  color: currentColor;
  left: 50%;
  position: absolute;
  top: 50%;
  -webkit-transform: translate(-50%,-50%);
  -ms-transform: translate(-50%,-50%);
  transform: translate(-50%,-50%);
  z-index: 1;
  text-transform: uppercase;
  font-weight: 500;
  font-size: 1rem;
}

.c4 {
  border-radius: 50%;
  height: 100%;
  width: 100%;
  position: relative;
  z-index: 1;
}

<body>
    <div>
      <div
        class="c0"
      >
        <div
          class="c1"
        >
          <figure
            class="c2"
          >
            <span
              class="c3"
            >
              Wm
            </span>
            <img
              class="c4"
              data-src="https://api.adorable.io/avatars/80/vn"
              src="data:image/gif;base64,iVBORw0KGgoAAAANSUhEUgAAAAEAAAABCAQAAAC1HAwCAAAAC0lEQVR42mP88R8AAvUB+VkkrXoAAAAASUVORK5CYII="
            />
          </figure>
        </div>
        <div
          class="c5"
        >
          <div
            class="c6"
          >
            we-design
          </div>
          <div
            class="c7"
          >
            this is the description
          </div>
        </div>
        <div
          class="c8"
        >
          <div>
            do action
          </div>
        </div>
      </div>
    </div>
  </body>,
  "container": <div>
    <div
      class="sc-AykKC BhJoj"
    >
      <div
        class="sc-AykKD csiNKD"
      >
        <figure
          class="sc-AykKK dgcyCa"
        >
          <span
            class="sc-fzXfLO iUOMKx"
          >
            Wm
          </span>
          <img
            class="sc-AykKI bFthup sc-fzXfLP kfgWgc"
            data-src="https://api.adorable.io/avatars/80/vn"
            src="data:image/gif;base64,iVBORw0KGgoAAAANSUhEUgAAAAEAAAABCAQAAAC1HAwCAAAAC0lEQVR42mP88R8AAvUB+VkkrXoAAAAASUVORK5CYII="
          />
        </figure>
      </div>
      <div
        class="sc-AykKE ikrQef"
      >
        <div
          class="sc-AykKF ktpJRT"
        >
          we-design
        </div>
        <div
          class="sc-AykKG gLpGPU"
        >
          this is the description
        </div>
      </div>
      <div
        class="sc-AykKH fsIIiH"
      >
        <div>
          do action
        </div>
      </div>
    </div>
  </div>,
  "debug": [Function],
  "findAllByAltText": [Function],
  "findAllByDisplayValue": [Function],
  "findAllByLabelText": [Function],
  "findAllByPlaceholderText": [Function],
  "findAllByRole": [Function],
  "findAllByTestId": [Function],
  "findAllByText": [Function],
  "findAllByTitle": [Function],
  "findByAltText": [Function],
  "findByDisplayValue": [Function],
  "findByLabelText": [Function],
  "findByPlaceholderText": [Function],
  "findByRole": [Function],
  "findByTestId": [Function],
  "findByText": [Function],
  "findByTitle": [Function],
  "getAllByAltText": [Function],
  "getAllByDisplayValue": [Function],
  "getAllByLabelText": [Function],
  "getAllByPlaceholderText": [Function],
  "getAllByRole": [Function],
  "getAllByTestId": [Function],
  "getAllByText": [Function],
  "getAllByTitle": [Function],
  "getByAltText": [Function],
  "getByDisplayValue": [Function],
  "getByLabelText": [Function],
  "getByPlaceholderText": [Function],
  "getByRole": [Function],
  "getByTestId": [Function],
  "getByText": [Function],
  "getByTitle": [Function],
  "queryAllByAltText": [Function],
  "queryAllByDisplayValue": [Function],
  "queryAllByLabelText": [Function],
  "queryAllByPlaceholderText": [Function],
  "queryAllByRole": [Function],
  "queryAllByTestId": [Function],
  "queryAllByText": [Function],
  "queryAllByTitle": [Function],
  "queryByAltText": [Function],
  "queryByDisplayValue": [Function],
  "queryByLabelText": [Function],
  "queryByPlaceholderText": [Function],
  "queryByRole": [Function],
  "queryByTestId": [Function],
  "queryByText": [Function],
  "queryByTitle": [Function],
  "rerender": [Function],
  "unmount": [Function],
}
`;
