// Jest Snapshot v1, https://goo.gl/fbAQLP

exports[`<DisplayElement/> should has display none with xs 1`] = `
<div>
  <div
    class="sc-bdnxRM ctuJRu"
    display="block"
  />
</div>
`;
