// Jest Snapshot v1, https://goo.gl/fbAQLP

exports[`<Comment/> should renders correctly 1`] = `
.c3 {
  border-radius: 50%;
  color: rgba(255,255,255,0.85);
  display: inline-block;
  line-height: 1.25;
  margin: 0;
  position: relative;
  vertical-align: middle;
  height: 1.4rem;
  width: 1.4rem;
}

.c4 {
  color: currentColor;
  left: 50%;
  position: absolute;
  top: 50%;
  -webkit-transform: translate(-50%,-50%);
  -ms-transform: translate(-50%,-50%);
  transform: translate(-50%,-50%);
  z-index: 1;
  text-transform: uppercase;
  font-weight: 500;
  font-size: .6rem;
}

.c5 {
  border-radius: 50%;
  height: 100%;
  width: 100%;
  position: relative;
  z-index: 1;
}

.c1 {
  -webkit-align-content: space-between;
  -ms-flex-line-pack: space-between;
  align-content: space-between;
  -webkit-align-items: flex-start;
  -webkit-box-align: flex-start;
  -ms-flex-align: flex-start;
  align-items: flex-start;
  display: -webkit-box;
  display: -webkit-flex;
  display: -ms-flexbox;
  display: flex;
}

.c2 {
  -webkit-flex: 0 0 auto;
  -ms-flex: 0 0 auto;
  flex: 0 0 auto;
}

.c6 {
  -webkit-flex: 1 1 auto;
  -ms-flex: 1 1 auto;
  flex: 1 1 auto;
  -webkit-align-self: center;
  -ms-flex-item-align: center;
  align-self: center;
}

.c6:not(:last-child) {
  padding-right: 0.4rem;
}

.c6:not(:first-child) {
  padding-left: 0.4rem;
}

.c7 {
  color: #4D6171;
  font-size: 0.7rem;
}

.c0 {
  width: 100%;
  margin: 0.8rem 0;
}

<div>
  <div
    class="c0"
  >
    <div
      class="c1"
    >
      <div
        class="c2"
      >
        <figure
          class="c3"
        >
          <span
            class="c4"
          >
            Wm
          </span>
          <img
            alt=""
            class="c5"
            data-src="https://source.unsplash.com/random"
            src="data:image/gif;base64,iVBORw0KGgoAAAANSUhEUgAAAAEAAAABCAQAAAC1HAwCAAAAC0lEQVR42mP88R8AAvUB+VkkrXoAAAAASUVORK5CYII="
          />
        </figure>
      </div>
      <div
        class="c6"
      >
        
        <div
          class="c7"
        >
          <time />
          <div>
            ...
          </div>
        </div>
      </div>
    </div>
  </div>
</div>
`;
