// Jest Snapshot v1, https://goo.gl/fbAQLP

exports[`<Masonry/> should render correct with masonry style 1`] = `
.c0 {
  display: -webkit-box;
  display: -webkit-flex;
  display: -ms-flexbox;
  display: flex;
  -webkit-flex-direction: row;
  -ms-flex-direction: row;
  flex-direction: row;
  -webkit-box-pack: center;
  -webkit-justify-content: center;
  -ms-flex-pack: center;
  justify-content: center;
  -webkit-align-content: stretch;
  -ms-flex-line-pack: stretch;
  align-content: stretch;
  width: 100%;
  margin: auto;
}

.c0 .msr_col {
  display: -webkit-box;
  display: -webkit-flex;
  display: -ms-flexbox;
  display: flex;
  -webkit-flex-direction: column;
  -ms-flex-direction: column;
  flex-direction: column;
  -webkit-box-pack: start;
  -webkit-justify-content: flex-start;
  -ms-flex-pack: start;
  justify-content: flex-start;
  -webkit-align-content: stretch;
  -ms-flex-line-pack: stretch;
  align-content: stretch;
  -webkit-box-flex: 1;
  -webkit-flex-grow: 1;
  -ms-flex-positive: 1;
  flex-grow: 1;
  width: 100%;
}

.c0 .msr_item {
  margin: 0.5rem;
}

<div
  class="c0"
>
  <div
    class="msr_col"
  >
    <span
      class="msr_item"
    >
      <img
        src="https://source.unsplash.com/random?/car"
      />
    </span>
    <span
      class="msr_item"
    >
      <img
        src="https://source.unsplash.com/random?/building"
      />
    </span>
    <span
      class="msr_item"
    >
      <img
        src="https://source.unsplash.com/random?/motobike"
      />
    </span>
    <span
      class="msr_item"
    >
      <img
        src="https://source.unsplash.com/random?/children"
      />
    </span>
    <span
      class="msr_item"
    >
      <img
        src="https://source.unsplash.com/random?/car"
      />
    </span>
    <span
      class="msr_item"
    >
      <img
        src="https://source.unsplash.com/random?/work"
      />
    </span>
  </div>
</div>
`;
