// Jest Snapshot v1, https://goo.gl/fbAQLP

exports[`<Picture/> should render correct icon styled 1`] = `
<div>
  <picture>
    <source
      data-srcset="https://photo2.foodgawker.com/wp-content/uploads/2019/08/3480441.jpg"
      media="(max-width: 480px)"
      srcset="data:image/gif;base64,iVBORw0KGgoAAAANSUhEUgAAAAEAAAABCAQAAAC1HAwCAAAAC0lEQVR42mP88R8AAvUB+VkkrXoAAAAASUVORK5CYII="
    />
    <source
      data-srcset="https://photo2.foodgawker.com/wp-content/uploads/2019/08/3480425.jpg"
      media="(max-width: 680px)"
      srcset="data:image/gif;base64,iVBORw0KGgoAAAANSUhEUgAAAAEAAAABCAQAAAC1HAwCAAAAC0lEQVR42mP88R8AAvUB+VkkrXoAAAAASUVORK5CYII="
    />
    <img
      class="sc-bdfBwQ lgHXgS"
      src="data:image/gif;base64,iVBORw0KGgoAAAANSUhEUgAAAAEAAAABCAQAAAC1HAwCAAAAC0lEQVR42mP88R8AAvUB+VkkrXoAAAAASUVORK5CYII="
    />
  </picture>
</div>
`;
