// Jest Snapshot v1, https://goo.gl/fbAQLP

exports[`<Portal/> should render a div element 1`] = `<div />`;
