// Jest Snapshot v1, https://goo.gl/fbAQLP

exports[`<AnchorScroll/> should renders correctly 1`] = `
.c0 {
  -webkit-appearance: none;
  -moz-appearance: none;
  appearance: none;
  cursor: pointer;
  outline: 0;
  display: inline-block;
  -webkit-text-decoration: none;
  text-decoration: none;
  text-align: center;
  -webkit-user-select: none;
  -moz-user-select: none;
  -ms-user-select: none;
  user-select: none;
  vertical-align: middle;
  white-space: nowrap;
  -webkit-transition: all 0.25s cubic-bezier(0,0,0.2,1);
  transition: all 0.25s cubic-bezier(0,0,0.2,1);
  line-height: 1.125;
  padding: 0.15rem 0.3rem;
  height: 1.4rem;
  font-size: 0.7rem;
  font-family: Helvetica,Arial,sans-serif;
  border: 0.05rem solid;
  background: transparent;
  border-color: transparent;
  color: #008CC0;
  border-radius: 0.2rem;
}

.c0:hover {
  background: transparent;
  border-color: transparent;
}

.c0:active,
.c0:focus {
  background: transparent;
  border-color: transparent;
  box-shadow: 0 0 0 0.1rem;
}

.c0:disabled,
.c0[disabled] {
  cursor: not-allowed;
  color: #90A9BF !important;
  background: #CED9E3 !important;
  border: none;
}

.c0 i.icon-before {
  margin-right: 8px;
}

.c0 i.icon-after {
  margin-left: 8px;
}

<div>
  <button
    class="c0"
    type="button"
  >
    To target
  </button>
  <div
    id="target-1"
  >
    Target 1
  </div>
  <button
    class="c0"
    type="button"
  >
    To target
  </button>
  <div
    id="target-2"
  >
    Target 2
  </div>
</div>
`;
