// Jest Snapshot v1, https://goo.gl/fbAQLP

exports[`<DisplayElement/> should has display none with xs 1`] = `
.c0 {
  display: block;
}

<div>
  <div
    class="c0"
  />
</div>
`;
