// Jest Snapshot v1, https://goo.gl/fbAQLP

exports[`<AvatarGroup/> should renders correctly 1`] = `
.c4 {
  -webkit-align-items: center;
  -webkit-box-align: center;
  -ms-flex-align: center;
  align-items: center;
  display: -webkit-box;
  display: -webkit-flex;
  display: -ms-flexbox;
  display: flex;
  height: 100%;
  position: absolute;
  right: 0;
  top: 0;
  margin: 0 0.4rem;
}

.c3 {
  display: inline;
  color: #566E82;
  margin: 0 0.4rem;
}

.c2 {
  margin-top: 0;
  padding: 0.2rem;
  position: relative;
  display: -webkit-box;
  display: -webkit-flex;
  display: -ms-flexbox;
  display: flex;
  -webkit-box-pack: start;
  -webkit-justify-content: flex-start;
  -ms-flex-pack: start;
  justify-content: flex-start;
  -webkit-align-items: center;
  -webkit-box-align: center;
  -ms-flex-align: center;
  align-items: center;
  -webkit-text-decoration: none;
  text-decoration: none;
  border-radius: 0.1rem;
  -webkit-transition: all 0.09s linear;
  transition: all 0.09s linear;
  background-color: rgba(177,234,255,0.3);
  color: #007099;
}

.c2:hover {
  cursor: pointer;
}

.c2:hover,
.c2:focus {
  background-color: rgba(177,234,255,0.3);
  color: #007099;
}

.c2:focus,
.c2:active {
  box-shadow: 0 0 0 0.1rem rgba(0,183,250,0.5);
  outline: none;
}

.c2:focus > a,
.c2:active > a {
  color: #007099;
}

.c2 > * {
  padding: 0.2rem;
}

.c2 a {
  width: 100%;
  color: #394B59;
}

.c2 a:hover {
  -webkit-text-decoration: none;
  text-decoration: none;
  color: #007099;
}

.c5 {
  margin-top: 0;
  padding: 0.2rem;
  position: relative;
  display: -webkit-box;
  display: -webkit-flex;
  display: -ms-flexbox;
  display: flex;
  -webkit-box-pack: start;
  -webkit-justify-content: flex-start;
  -ms-flex-pack: start;
  justify-content: flex-start;
  -webkit-align-items: center;
  -webkit-box-align: center;
  -ms-flex-align: center;
  align-items: center;
  -webkit-text-decoration: none;
  text-decoration: none;
  border-radius: 0.1rem;
  -webkit-transition: all 0.09s linear;
  transition: all 0.09s linear;
}

.c5:hover {
  cursor: pointer;
}

.c5:hover,
.c5:focus {
  background-color: rgba(177,234,255,0.3);
  color: #007099;
}

.c5:focus,
.c5:active {
  box-shadow: 0 0 0 0.1rem rgba(0,183,250,0.5);
  outline: none;
}

.c5:focus > a,
.c5:active > a {
  color: #007099;
}

.c5 > * {
  padding: 0.2rem;
}

.c5 a {
  width: 100%;
  color: #394B59;
}

.c5 a:hover {
  -webkit-text-decoration: none;
  text-decoration: none;
  color: #007099;
}

.c6 {
  margin-top: 0;
  padding: 0.2rem;
  position: relative;
  display: -webkit-box;
  display: -webkit-flex;
  display: -ms-flexbox;
  display: flex;
  -webkit-box-pack: start;
  -webkit-justify-content: flex-start;
  -ms-flex-pack: start;
  justify-content: flex-start;
  -webkit-align-items: center;
  -webkit-box-align: center;
  -ms-flex-align: center;
  align-items: center;
  -webkit-text-decoration: none;
  text-decoration: none;
  border-radius: 0.1rem;
  -webkit-transition: all 0.09s linear;
  transition: all 0.09s linear;
  background-color: rgba(108,134,155,0.3);
  opacity: .5;
}

.c6:hover {
  cursor: not-allowed;
}

.c6:focus,
.c6:active {
  outline: none;
}

.c6:focus > a,
.c6:active > a {
  color: #007099;
}

.c6 > * {
  padding: 0.2rem;
}

.c6 a {
  width: 100%;
  color: #394B59;
}

.c6 a:hover {
  -webkit-text-decoration: none;
  text-decoration: none;
  color: #007099;
}

.c8 {
  -webkit-box-flex: 1;
  -webkit-flex-grow: 1;
  -ms-flex-positive: 1;
  flex-grow: 1;
  overflow-x: hidden;
  text-overflow: ellipsis;
  white-space: nowrap;
  width: 100%;
  font-weight: 600;
  font-size: 0.7rem;
  line-height: 1.5;
  padding: 0 0.2rem;
  margin: 0.2rem;
  text-transform: uppercase;
  color: #60798E;
}

.c11 {
  -webkit-align-items: center;
  -webkit-box-align: center;
  -ms-flex-align: center;
  align-items: center;
  display: -webkit-box;
  display: -webkit-flex;
  display: -ms-flexbox;
  display: flex;
  height: 100%;
  position: absolute;
  right: 0;
  top: 0;
  margin: 0 0.4rem;
  -webkit-transition: -webkit-transform 0.3s cubic-bezier(0.5,0.045,0.4,1);
  -webkit-transition: transform 0.3s cubic-bezier(0.5,0.045,0.4,1);
  transition: transform 0.3s cubic-bezier(0.5,0.045,0.4,1);
  will-change: transform;
  -webkit-transform: rotate(-180deg);
  -ms-transform: rotate(-180deg);
  transform: rotate(-180deg);
}

.c13 {
  -webkit-align-items: center;
  -webkit-box-align: center;
  -ms-flex-align: center;
  align-items: center;
  display: -webkit-box;
  display: -webkit-flex;
  display: -ms-flexbox;
  display: flex;
  height: 100%;
  position: absolute;
  right: 0;
  top: 0;
  margin: 0 0.4rem;
  -webkit-transition: -webkit-transform 0.3s cubic-bezier(0.5,0.045,0.4,1);
  -webkit-transition: transform 0.3s cubic-bezier(0.5,0.045,0.4,1);
  transition: transform 0.3s cubic-bezier(0.5,0.045,0.4,1);
  will-change: transform;
}

.c10 {
  padding: 0.4rem;
  position: relative;
  display: -webkit-box;
  display: -webkit-flex;
  display: -ms-flexbox;
  display: flex;
  -webkit-box-pack: start;
  -webkit-justify-content: flex-start;
  -ms-flex-pack: start;
  justify-content: flex-start;
  -webkit-align-items: center;
  -webkit-box-align: center;
  -ms-flex-align: center;
  align-items: center;
}

.c10:hover {
  color: #008CC0;
}

.c10:hover * {
  color: #008CC0;
}

.c12 {
  padding: 0;
  position: relative;
  display: block;
  opacity: 1;
  -webkit-transition: height 0.2s cubic-bezier(0.5,0.045,0.4,1), opacity 0.3s cubic-bezier(0.5,0.045,0.4,1);
  transition: height 0.2s cubic-bezier(0.5,0.045,0.4,1), opacity 0.3s cubic-bezier(0.5,0.045,0.4,1);
  will-change: height;
  will-change: opacity;
}

.c12 li {
  padding-left: 2rem;
}

.c14 {
  padding: 0;
  position: relative;
  display: block;
  opacity: 0;
  -webkit-transition: height 0.2s cubic-bezier(0.5,0.045,0.4,1), opacity 0.3s cubic-bezier(0.5,0.045,0.4,1);
  transition: height 0.2s cubic-bezier(0.5,0.045,0.4,1), opacity 0.3s cubic-bezier(0.5,0.045,0.4,1);
  will-change: height;
  will-change: opacity;
}

.c14 li {
  padding-left: 2rem;
}

.c9 {
  width: 100%;
  display: block;
  position: relative;
  will-change: transform;
}

.c9:hover {
  cursor: pointer;
}

.c1 {
  list-style: none;
  margin: 0;
  padding: 0.4rem;
  background: #FFF;
  font-family: Helvetica,Arial,sans-serif;
  color: #202B33;
  min-width: 180px;
  -webkit-transform: translateY(0.2rem);
  -ms-transform: translateY(0.2rem);
  transform: translateY(0.2rem);
  width: 280px;
}

.c0 h1 {
  font-size: 1.6rem;
}

.c0 h2 {
  font-size: 1.4rem;
}

.c0 h3 {
  font-size: 1.2rem;
}

.c0 h4 {
  font-size: 1rem;
}

.c0 h5 {
  font-size: 0.9rem;
}

.c0 h6 {
  font-size: 0.8rem;
}

.c0 h1,
.c0 h2,
.c0 h3,
.c0 h4,
.c0 h5,
.c0 h6 {
  font-weight: 700;
  line-height: 1.25;
  margin-bottom: 0.5em;
  margin-top: 0;
  font-family: Helvetica,Arial,sans-serif;
}

.c0 h1,
.c0 h2,
.c0 h3,
.c0 h4 {
  color: #394B59;
}

.c0 h5,
.c0 h6 {
  color: #293742;
}

.c0 p {
  color: #202B33;
  line-height: 1.5;
  margin-bottom: 0.5em;
  margin-top: 0;
  font-family: Helvetica,Arial,sans-serif;
}

.c0 a {
  font-family: Helvetica,Arial,sans-serif;
  color: #008CC0;
  outline: none;
  -webkit-text-decoration: none;
  text-decoration: none;
}

.c0 a:hover {
  color: #00A7E4;
}

.c0 a:focus,
.c0 a:hover,
.c0 a:active {
  -webkit-text-decoration: underline;
  text-decoration: underline;
}

.c0 a:focus,
.c0 a:active {
  color: #007099;
}

.c0 a:focus {
  -webkit-text-decoration: none;
  text-decoration: none;
}

.c0 b,
.c0 strong {
  font-weight: bolder;
}

.c0 small {
  font-size: 80%;
  font-weight: 400;
  color: #566E82;
}

.c0 blockquote {
  margin-left: 0;
  padding: 0.4rem 0.8rem;
  color: #566E82;
}

.c0 blockquote p:last-child {
  margin-bottom: 0;
}

.c0 table {
  border-collapse: collapse;
  border-spacing: 0;
  text-align: left;
  width: 100%;
}

.c0 th {
  border-bottom: 0.05rem solid #BECEDC;
  padding: 0.6rem 0.4rem;
  border-bottom-width: 0.1rem;
}

.c0 td {
  border-bottom: 0.05rem solid #EFF3F6;
  padding: 0.6rem 0.4rem;
}

.c7 {
  -webkit-flex-shrink: 0;
  -ms-flex-negative: 0;
  flex-shrink: 0;
  height: 0.05rem;
  background-color: rgba(86,110,130,0.08);
  border-radius: 1px;
  margin: 19px 0px;
}

<div>
  <div
    class="c0"
  >
    <ul
      class="c1"
      role="menu"
    >
      <li
        class="c2"
        role="menuitem"
      >
        <span
          class="c3"
        >
          <i
            aria-hidden="true"
            class="fas fa-user"
          />
        </span>
        Item 1
        <div
          class="c4"
        >
          <div>
            info
          </div>
        </div>
      </li>
      <li
        class="c5"
        role="menuitem"
      >
        <span
          class="c3"
        >
          <i
            aria-hidden="true"
            class="fas fa-user-astronaut"
          />
        </span>
        Item 2
      </li>
      <li
        class="c6"
        role="menuitem"
      >
        <span
          class="c3"
        >
          <i
            aria-hidden="true"
            class="fas fa-edit"
          />
        </span>
        Item 3
      </li>
      <li
        class="c5"
        role="menuitem"
      >
        <span
          class="c3"
        >
          <i
            aria-hidden="true"
            class="fas fa-paper-plane"
          />
        </span>
        Item 4
      </li>
      <li
        class="c7"
      />
      <li
        class="c8"
      >
        Menu heading
      </li>
      <li
        class="c9"
      >
        <div
          class="c10"
        >
          <span
            class="c3"
          >
            <i
              aria-hidden="true"
              class="fas fa-cog"
            />
          </span>
          Submenu title 1
          <span
            class="c11"
          >
            <svg
              focusable="false"
              height="24"
              role="presentation"
              viewBox="0 0 24 24"
              width="24"
            >
              <path
                d="M6.744 8.744a1.053 1.053 0 0 0 0 1.49l4.547 4.557a1 1 0 0 0 1.416 0l4.55-4.558a1.051 1.051 0 1 0-1.488-1.488l-3.77 3.776-3.768-3.776a1.051 1.051 0 0 0-1.487 0z"
                fill="currentColor"
              />
            </svg>
          </span>
        </div>
        <ul
          class="c12"
          role="menu"
        >
          <li
            class="c5"
            role="menuitem"
          >
            Item 5
          </li>
          <li
            class="c5"
            role="menuitem"
          >
            Item 6
          </li>
          <li
            class="c5"
            role="menuitem"
          >
            Item 7
          </li>
        </ul>
      </li>
      <li
        class="c9"
      >
        <div
          class="c10"
        >
          <span
            class="c3"
          >
            <i
              aria-hidden="true"
              class="fas fa-mail"
            />
          </span>
          Submenu title 2
          <span
            class="c13"
          >
            <svg
              focusable="false"
              height="24"
              role="presentation"
              viewBox="0 0 24 24"
              width="24"
            >
              <path
                d="M6.744 8.744a1.053 1.053 0 0 0 0 1.49l4.547 4.557a1 1 0 0 0 1.416 0l4.55-4.558a1.051 1.051 0 1 0-1.488-1.488l-3.77 3.776-3.768-3.776a1.051 1.051 0 0 0-1.487 0z"
                fill="currentColor"
              />
            </svg>
          </span>
        </div>
        <ul
          class="c14"
          role="menu"
        >
          <li
            class="c5"
            role="menuitem"
          >
            Item 8
          </li>
          <li
            class="c5"
            role="menuitem"
          >
            Item 9
          </li>
          <li
            class="c5"
            role="menuitem"
          >
            Item 10
          </li>
        </ul>
      </li>
    </ul>
  </div>
</div>
`;
