// Jest Snapshot v1, https://goo.gl/fbAQLP

exports[`<InputForm/> should render correctly 1`] = `
.c3 {
  background: transparent;
  background-image: none;
  outline: none;
  max-width: 100%;
  display: block;
  position: relative;
  border: 0.05rem solid #BECEDC;
  border-radius: 0.2rem;
  color: #202B33;
  padding: 0.35rem 0.4rem;
  font-size: 0.8rem;
  font-family: inherit;
  height: 1.8rem;
  width: 100%;
  line-height: 1.125;
  -webkit-transition: background 0.2s,border 0.2s,box-shadow 0.2s,color 0.2s;
  transition: background 0.2s,border 0.2s,box-shadow 0.2s,color 0.2s;
}

.c3:focus {
  box-shadow: 0 0 0 0.1rem rgba(0,140,192,0.2);
  border-color: #008CC0;
}

.c3::-webkit-input-placeholder {
  color: #90A9BF;
}

.c3::-moz-placeholder {
  color: #90A9BF;
}

.c3:-ms-input-placeholder {
  color: #90A9BF;
}

.c3::placeholder {
  color: #90A9BF;
}

.c3:disabled,
.c3[disabled] {
  cursor: not-allowed;
  color: #90A9BF !important;
  background: #EFF3F6 !important;
}

.c3[type="file"] {
  height: auto;
}

.c5 {
  background: transparent;
  background-image: none;
  outline: none;
  max-width: 100%;
  display: block;
  position: relative;
  border: 0.05rem solid #DC1F1F;
  border-radius: 0.2rem;
  color: #202B33;
  padding: 0.35rem 0.4rem;
  font-size: 0.8rem;
  font-family: inherit;
  height: 1.8rem;
  width: 100%;
  line-height: 1.125;
  -webkit-transition: background 0.2s,border 0.2s,box-shadow 0.2s,color 0.2s;
  transition: background 0.2s,border 0.2s,box-shadow 0.2s,color 0.2s;
}

.c5:focus {
  box-shadow: 0 0 0 0.1rem rgba(220,31,31,0.2);
  border-color: #DC1F1F;
}

.c5::-webkit-input-placeholder {
  color: #90A9BF;
}

.c5::-moz-placeholder {
  color: #90A9BF;
}

.c5:-ms-input-placeholder {
  color: #90A9BF;
}

.c5::placeholder {
  color: #90A9BF;
}

.c5:disabled,
.c5[disabled] {
  cursor: not-allowed;
  color: #90A9BF !important;
  background: #EFF3F6 !important;
}

.c5[type="file"] {
  height: auto;
}

.c8 {
  background: transparent;
  background-image: none;
  outline: none;
  max-width: 100%;
  display: block;
  position: relative;
  border: 0.05rem solid #FA9B00;
  border-radius: 0.2rem;
  color: #202B33;
  padding: 0.35rem 0.4rem;
  font-size: 0.8rem;
  font-family: inherit;
  height: 1.8rem;
  width: 100%;
  line-height: 1.125;
  -webkit-transition: background 0.2s,border 0.2s,box-shadow 0.2s,color 0.2s;
  transition: background 0.2s,border 0.2s,box-shadow 0.2s,color 0.2s;
}

.c8:focus {
  box-shadow: 0 0 0 0.1rem rgba(250,155,0,0.2);
  border-color: #FA9B00;
}

.c8::-webkit-input-placeholder {
  color: #90A9BF;
}

.c8::-moz-placeholder {
  color: #90A9BF;
}

.c8:-ms-input-placeholder {
  color: #90A9BF;
}

.c8::placeholder {
  color: #90A9BF;
}

.c8:disabled,
.c8[disabled] {
  cursor: not-allowed;
  color: #90A9BF !important;
  background: #EFF3F6 !important;
}

.c8[type="file"] {
  height: auto;
}

.c1 {
  position: relative;
  font-family: Helvetica,Arial,sans-serifpx;
}

.c1:not(:last-child) {
  margin-bottom: 8px;
}

.c1 i {
  color: #6C869B;
}

.c1 i.icon-before {
  height: 0.8rem;
  margin: 0 0.25rem;
  position: absolute;
  top: 73%;
  -webkit-transform: translateY(-50%);
  -ms-transform: translateY(-50%);
  transform: translateY(-50%);
  width: 0.8rem;
  z-index: 2;
  left: 0.1rem;
}

.c1 i.icon-after {
  height: 0.8rem;
  margin: 0 0.25rem;
  position: absolute;
  top: 73%;
  -webkit-transform: translateY(-50%);
  -ms-transform: translateY(-50%);
  transform: translateY(-50%);
  width: 0.8rem;
  z-index: 2;
  right: 0.1rem;
}

.c1 input.icon-before {
  padding-left: 1.3rem !important;
}

.c1 input.icon-after {
  padding-right: 1.3rem !important;
}

.c2 {
  display: block;
  line-height: 1;
  padding: 8px 0;
  font-weight: 500;
}

.c4 {
  display: block;
  margin-top: 0.4rem;
  color: #566E82;
}

.c6 {
  display: block;
  margin-top: 0.4rem;
  color: #DC1F1F;
}

.c9 {
  display: block;
  margin-top: 0.4rem;
  color: #FA9B00;
}

.c10 {
  display: block;
  margin-top: 0.4rem;
  color: #29A634;
}

.c7 {
  color: #DC1F1F;
  font-size: 0.7rem;
  top: -0.2rem;
}

.c0 h1 {
  font-size: 1.6rem;
}

.c0 h2 {
  font-size: 1.4rem;
}

.c0 h3 {
  font-size: 1.2rem;
}

.c0 h4 {
  font-size: 1rem;
}

.c0 h5 {
  font-size: 0.9rem;
}

.c0 h6 {
  font-size: 0.8rem;
}

.c0 h1,
.c0 h2,
.c0 h3,
.c0 h4,
.c0 h5,
.c0 h6 {
  font-weight: 700;
  line-height: 1.25;
  margin-bottom: 0.5em;
  margin-top: 0;
  font-family: Helvetica,Arial,sans-serif;
}

.c0 h1,
.c0 h2,
.c0 h3,
.c0 h4 {
  color: #394B59;
}

.c0 h5,
.c0 h6 {
  color: #293742;
}

.c0 p {
  color: #202B33;
  line-height: 1.5;
  margin-bottom: 0.5em;
  margin-top: 0;
  font-family: Helvetica,Arial,sans-serif;
}

.c0 a {
  font-family: Helvetica,Arial,sans-serif;
  color: #008CC0;
  outline: none;
  -webkit-text-decoration: none;
  text-decoration: none;
}

.c0 a:hover {
  color: #00A7E4;
}

.c0 a:focus,
.c0 a:hover,
.c0 a:active {
  -webkit-text-decoration: underline;
  text-decoration: underline;
}

.c0 a:focus,
.c0 a:active {
  color: #007099;
}

.c0 a:focus {
  -webkit-text-decoration: none;
  text-decoration: none;
}

.c0 b,
.c0 strong {
  font-weight: bolder;
}

.c0 small {
  font-size: 80%;
  font-weight: 400;
  color: #566E82;
}

.c0 blockquote {
  margin-left: 0;
  padding: 0.4rem 0.8rem;
  color: #566E82;
}

.c0 blockquote p:last-child {
  margin-bottom: 0;
}

.c0 table {
  border-collapse: collapse;
  border-spacing: 0;
  text-align: left;
  width: 100%;
}

.c0 th {
  border-bottom: 0.05rem solid #BECEDC;
  padding: 0.6rem 0.4rem;
  border-bottom-width: 0.1rem;
}

.c0 td {
  border-bottom: 0.05rem solid #EFF3F6;
  padding: 0.6rem 0.4rem;
}

<div>
  <div
    class="c0"
  >
    <div
      class="c1"
    >
      <label
        class="c2"
      >
        label
         
      </label>
      <input
        autocomplete="off"
        class="c3"
        type="text"
        value=""
      />
      <small
        class="c4"
      >
        hint
      </small>
    </div>
    <div
      class="c1"
    >
      <label
        class="c2"
      >
         
      </label>
      <input
        autocomplete="off"
        class="c5"
        type="text"
        value=""
      />
      <small
        class="c6"
      />
    </div>
    <div
      class="c1"
    >
      <label
        class="c2"
      >
         
      </label>
      <input
        autocomplete="off"
        class="c3"
        type="text"
        value=""
      />
      <small
        class="c4"
      />
    </div>
    <div
      class="c1"
    >
      <label
        class="c2"
      >
         
      </label>
      <input
        autocomplete="off"
        class="c3"
        disabled=""
        type="text"
        value=""
      />
      <small
        class="c4"
      />
    </div>
    <div
      class="c1"
    >
      <label
        class="c2"
      >
         
        <sup
          aria-hidden="true"
          class="c7"
        >
          *
        </sup>
      </label>
      <input
        autocomplete="off"
        class="c3"
        type="text"
        value=""
      />
      <small
        class="c4"
      />
    </div>
    <div
      class="c1"
    >
      <label
        class="c2"
      >
         
      </label>
      <input
        autocomplete="off"
        class="c8"
        type="text"
        value=""
      />
      <small
        class="c9"
      />
    </div>
    <div
      class="c1"
    >
      <label
        class="c2"
      >
         
      </label>
      <input
        autocomplete="off"
        class="c3"
        type="text"
        value=""
      />
      <small
        class="c10"
      />
    </div>
  </div>
</div>
`;
