// Jest Snapshot v1, https://goo.gl/fbAQLP

exports[`<Provider/> should renders correctly 1`] = `
Object {
  "asFragment": [Function],
  "baseElement": .c0 {
  font-family: -apple-system,BlinkMacSystemFont,Helvetica,"Helvetica Neue",system-ui,sans-serif;
}

.c0 h1 {
  font-size: 2rem;
}

.c0 h2 {
  font-size: 1.6rem;
}

.c0 h3 {
  font-size: 1.4rem;
}

.c0 h4 {
  font-size: 1.2rem;
}

.c0 h5 {
  font-size: 1rem;
}

.c0 h6 {
  font-size: 0.8rem;
}

.c0 h1,
.c0 h2,
.c0 h3,
.c0 h4,
.c0 h5,
.c0 h6 {
  font-weight: 600;
  line-height: 1.25;
  margin-bottom: 0.5em;
  margin-top: 0;
}

.c0 h1,
.c0 h2,
.c0 h3,
.c0 h4 {
  color: #10161A;
}

.c0 h5,
.c0 h6 {
  color: #182026;
}

.c0 p {
  color: #202B33;
  line-height: 1.5;
  margin-bottom: 0.5em;
  margin-top: 0;
}

.c0 a {
  color: #008CC0;
  outline: none;
  -webkit-text-decoration: none;
  text-decoration: none;
}

.c0 a:hover {
  color: #00A7E4;
}

.c0 a:focus,
.c0 a:hover,
.c0 a:active {
  -webkit-text-decoration: underline;
  text-decoration: underline;
}

.c0 a:focus,
.c0 a:active {
  color: #007099;
}

.c0 a:focus {
  -webkit-text-decoration: none;
  text-decoration: none;
}

.c0 b,
.c0 strong {
  font-weight: bolder;
}

.c0 code,
.c0 kbd,
.c0 pre,
.c0 samp {
  font-family: "Menlo, Courier, monospace";
}

.c0 code {
  color: #F22828;
  background: #FBFBFB;
  padding: 0.1rem 0.15rem;
  line-height: 1.2;
}

.c0 small {
  font-size: 80%;
  font-weight: 400;
  color: #566E82;
}

.c0 blockquote {
  margin-left: 0;
  padding: 0.4rem 0.8rem;
  color: #566E82;
}

.c0 blockquote p:last-child {
  margin-bottom: 0;
}

<body>
    <div>
      <div
        class="c0"
      />
    </div>
  </body>,
  "container": <div>
    <div
      class="sc-bdVaJa fnfMJt"
    />
  </div>,
  "debug": [Function],
  "getAllByAltText": [Function],
  "getAllByDisplayValue": [Function],
  "getAllByLabelText": [Function],
  "getAllByPlaceholderText": [Function],
  "getAllByRole": [Function],
  "getAllBySelectText": [Function],
  "getAllByTestId": [Function],
  "getAllByText": [Function],
  "getAllByTitle": [Function],
  "getAllByValue": [Function],
  "getByAltText": [Function],
  "getByDisplayValue": [Function],
  "getByLabelText": [Function],
  "getByPlaceholderText": [Function],
  "getByRole": [Function],
  "getBySelectText": [Function],
  "getByTestId": [Function],
  "getByText": [Function],
  "getByTitle": [Function],
  "getByValue": [Function],
  "queryAllByAltText": [Function],
  "queryAllByDisplayValue": [Function],
  "queryAllByLabelText": [Function],
  "queryAllByPlaceholderText": [Function],
  "queryAllByRole": [Function],
  "queryAllBySelectText": [Function],
  "queryAllByTestId": [Function],
  "queryAllByText": [Function],
  "queryAllByTitle": [Function],
  "queryAllByValue": [Function],
  "queryByAltText": [Function],
  "queryByDisplayValue": [Function],
  "queryByLabelText": [Function],
  "queryByPlaceholderText": [Function],
  "queryByRole": [Function],
  "queryBySelectText": [Function],
  "queryByTestId": [Function],
  "queryByText": [Function],
  "queryByTitle": [Function],
  "queryByValue": [Function],
  "rerender": [Function],
  "unmount": [Function],
}
`;
