// Jest Snapshot v1, https://goo.gl/fbAQLP

exports[`AnchorScroll should renders correctly 1`] = `
<div>
  <button
    class="sc-eCApnc ctOdRH"
    type="button"
  >
    <div
      class="sc-iCoGMd cfgNRd"
    >
      anchor
    </div>
  </button>
  <div
    id="target"
  >
    Target
  </div>
</div>
`;
