// Jest Snapshot v1, https://goo.gl/fbAQLP

exports[`<AvatarGroup/> should renders correctly 1`] = `
.c1 {
  background: transparent;
  background-image: none;
  outline: none;
  max-width: 100%;
  display: block;
  position: relative;
  border: 0.05rem solid #BECEDC;
  border-radius: 0.2rem;
  color: #202B33;
  padding: 0.35rem 0.4rem;
  font-size: 0.8rem;
  font-family: inherit;
  height: 1.8rem;
  line-height: 1.125;
  -webkit-transition: background 0.2s,border 0.2s,box-shadow 0.2s,color 0.2s;
  transition: background 0.2s,border 0.2s,box-shadow 0.2s,color 0.2s;
}

.c1:focus {
  box-shadow: 0 0 0 0.1rem rgba(0,140,192,0.2);
  border-color: #008CC0;
}

.c1::-webkit-input-placeholder {
  color: #90A9BF;
}

.c1::-moz-placeholder {
  color: #90A9BF;
}

.c1:-ms-input-placeholder {
  color: #90A9BF;
}

.c1::placeholder {
  color: #90A9BF;
}

.c1:disabled,
.c1[disabled] {
  cursor: not-allowed;
  color: #90A9BF !important;
  background: #EFF3F6 !important;
}

.c1[type="file"] {
  height: auto;
}

.c2 {
  background: transparent;
  background-image: none;
  outline: none;
  max-width: 100%;
  display: block;
  position: relative;
  border: 0.05rem solid #BECEDC;
  border-radius: 0.2rem;
  color: #202B33;
  padding: 0.45rem 0.6rem;
  font-size: 0.9rem;
  font-family: inherit;
  height: 2rem;
  line-height: 1.125;
  -webkit-transition: background 0.2s,border 0.2s,box-shadow 0.2s,color 0.2s;
  transition: background 0.2s,border 0.2s,box-shadow 0.2s,color 0.2s;
}

.c2:focus {
  box-shadow: 0 0 0 0.1rem rgba(0,140,192,0.2);
  border-color: #008CC0;
}

.c2::-webkit-input-placeholder {
  color: #90A9BF;
}

.c2::-moz-placeholder {
  color: #90A9BF;
}

.c2:-ms-input-placeholder {
  color: #90A9BF;
}

.c2::placeholder {
  color: #90A9BF;
}

.c2:disabled,
.c2[disabled] {
  cursor: not-allowed;
  color: #90A9BF !important;
  background: #EFF3F6 !important;
}

.c2[type="file"] {
  height: auto;
}

.c3 {
  background: transparent;
  background-image: none;
  outline: none;
  max-width: 100%;
  display: block;
  position: relative;
  border: 0.05rem solid #BECEDC;
  border-radius: 0.2rem;
  color: #202B33;
  padding: 0.15rem 0.3rem;
  font-size: 0.7rem;
  font-family: inherit;
  height: 1.4rem;
  line-height: 1.125;
  -webkit-transition: background 0.2s,border 0.2s,box-shadow 0.2s,color 0.2s;
  transition: background 0.2s,border 0.2s,box-shadow 0.2s,color 0.2s;
}

.c3:focus {
  box-shadow: 0 0 0 0.1rem rgba(0,140,192,0.2);
  border-color: #008CC0;
}

.c3::-webkit-input-placeholder {
  color: #90A9BF;
}

.c3::-moz-placeholder {
  color: #90A9BF;
}

.c3:-ms-input-placeholder {
  color: #90A9BF;
}

.c3::placeholder {
  color: #90A9BF;
}

.c3:disabled,
.c3[disabled] {
  cursor: not-allowed;
  color: #90A9BF !important;
  background: #EFF3F6 !important;
}

.c3[type="file"] {
  height: auto;
}

.c0 h1 {
  font-size: 1.6rem;
}

.c0 h2 {
  font-size: 1.4rem;
}

.c0 h3 {
  font-size: 1.2rem;
}

.c0 h4 {
  font-size: 1rem;
}

.c0 h5 {
  font-size: 0.9rem;
}

.c0 h6 {
  font-size: 0.8rem;
}

.c0 h1,
.c0 h2,
.c0 h3,
.c0 h4,
.c0 h5,
.c0 h6 {
  font-weight: 700;
  line-height: 1.25;
  margin-bottom: 0.5em;
  margin-top: 0;
  font-family: Helvetica,Arial,sans-serif;
}

.c0 h1,
.c0 h2,
.c0 h3,
.c0 h4 {
  color: #394B59;
}

.c0 h5,
.c0 h6 {
  color: #293742;
}

.c0 p {
  color: #202B33;
  line-height: 1.5;
  margin-bottom: 0.5em;
  margin-top: 0;
  font-family: Helvetica,Arial,sans-serif;
}

.c0 a {
  font-family: Helvetica,Arial,sans-serif;
  color: #008CC0;
  outline: none;
  -webkit-text-decoration: none;
  text-decoration: none;
}

.c0 a:hover {
  color: #00A7E4;
}

.c0 a:focus,
.c0 a:hover,
.c0 a:active {
  -webkit-text-decoration: underline;
  text-decoration: underline;
}

.c0 a:focus,
.c0 a:active {
  color: #007099;
}

.c0 a:focus {
  -webkit-text-decoration: none;
  text-decoration: none;
}

.c0 b,
.c0 strong {
  font-weight: bolder;
}

.c0 small {
  font-size: 80%;
  font-weight: 400;
  color: #566E82;
}

.c0 blockquote {
  margin-left: 0;
  padding: 0.4rem 0.8rem;
  color: #566E82;
}

.c0 blockquote p:last-child {
  margin-bottom: 0;
}

.c0 table {
  border-collapse: collapse;
  border-spacing: 0;
  text-align: left;
  width: 100%;
}

.c0 th {
  border-bottom: 0.05rem solid #BECEDC;
  padding: 0.6rem 0.4rem;
  border-bottom-width: 0.1rem;
}

.c0 td {
  border-bottom: 0.05rem solid #EFF3F6;
  padding: 0.6rem 0.4rem;
}

<div>
  <div
    class="c0"
  >
    <input
      autocomplete="off"
      class="c1"
      placeholder="Default input"
      type="text"
      value=""
    />
    <input
      autocomplete="off"
      class="c2"
      placeholder="Large input"
      type="text"
      value=""
    />
    <input
      autocomplete="off"
      class="c3"
      placeholder="Small input"
      type="text"
      value=""
    />
  </div>
</div>
`;
