// Jest Snapshot v1, https://goo.gl/fbAQLP

exports[`object randomProperty 1`] = `"lorem"`;
