// Jest Snapshot v1, https://goo.gl/fbAQLP

exports[`<ProgressLoader/> should renders correctly 1`] = `
<div
  class="sc-AxirZ gDZZlz"
>
  <div
    class="sc-AxiKw hlmWQG"
  >
    <div
      class="sc-AxhCb cSvyCG"
    >
      <div
        class="sc-AxhUy dTdCIV"
      />
    </div>
    <span
      class="sc-AxgMl fsVBiP"
      title="0%"
    >
      0%
    </span>
  </div>
</div>
`;
