// Jest Snapshot v1, https://goo.gl/fbAQLP

exports[`<Avatar/> should renders correctly 1`] = `
<div>
  <figure
    class="sc-bdnxRM isQbNl"
    style="background-color: white;"
  >
    <span
      class="sc-dlnjwi kdLnmS"
    >
      Wm
    </span>
    <img
      alt="test"
      class="sc-hKFxyN jXkqiL sc-jSFjdj gZxmSH"
      data-src="https://api.adorable.io/avatars/240/thunder"
      height="44.8"
      loading="lazy"
      src="data:image/gif;base64,iVBORw0KGgoAAAANSUhEUgAAAAEAAAABCAQAAAC1HAwCAAAAC0lEQVR42mP88R8AAvUB+VkkrXoAAAAASUVORK5CYII="
      width="44.8"
    />
    <span
      class="sc-gtsrHT eGzKSC"
    />
  </figure>
  <figure
    class="sc-bdnxRM knbNFl"
    style="background-color: rgb(41, 55, 66);"
  >
    <span
      class="sc-dlnjwi bUaUPX"
    >
      Wm
    </span>
    <span
      class="sc-gtsrHT kKerWs"
    />
  </figure>
  <figure
    class="sc-bdnxRM iciBxR"
    style="background-color: rgb(57, 75, 89);"
  >
    <span
      class="sc-dlnjwi bGZMvM"
    >
      Wm
    </span>
    <span
      class="sc-gtsrHT fOmAO"
    />
  </figure>
  <figure
    class="sc-bdnxRM dzHwop"
    style="background-color: transparent;"
  >
    <span
      class="sc-dlnjwi kIeiXg"
    >
      Wm
    </span>
  </figure>
  <figure
    class="sc-bdnxRM beiRAp"
    style="background-color: rgb(116, 253, 127);"
  >
    <span
      class="sc-dlnjwi IsnqF"
    >
      Wm
    </span>
  </figure>
  <figure
    class="sc-bdnxRM hifa-dR"
    style="background-color: rgb(0, 154, 211);"
  >
    <span
      class="sc-dlnjwi CnYkr"
    >
      Wm
    </span>
  </figure>
</div>
`;
