// Jest Snapshot v1, https://goo.gl/fbAQLP

exports[`<TextArea/> should render correct with TextArea style 1`] = `
<div>
  <div
    class="sc-AxirZ flFiBn"
  >
    <label
      class="sc-AxjAm gLIyjx"
    >
      TextArea
    </label>
    <textarea
      autocomplete="off"
      class="sc-AxiKw joLAvU"
    />
  </div>
  <div
    class="sc-AxirZ flFiBn"
  >
    <label
      class="sc-AxjAm gLIyjx"
    />
    <textarea
      autocomplete="off"
      class="sc-AxiKw iLcMYT"
    />
  </div>
  <div
    class="sc-AxirZ flFiBn"
  >
    <label
      class="sc-AxjAm gLIyjx"
    />
    <textarea
      autocomplete="off"
      class="sc-AxiKw gFuQHC"
    />
  </div>
  <div
    class="sc-AxirZ flFiBn"
  >
    <label
      class="sc-AxjAm gLIyjx"
    />
    <textarea
      autocomplete="off"
      class="sc-AxiKw cvBWkR"
    />
  </div>
  <div
    class="sc-AxirZ flFiBn"
  >
    <label
      class="sc-AxjAm gLIyjx"
    />
    <textarea
      autocomplete="off"
      class="sc-AxiKw cvBWkR"
    />
  </div>
  <div
    class="sc-AxirZ flFiBn"
  >
    <label
      class="sc-AxjAm gLIyjx"
    />
    <textarea
      autocomplete="on"
      class="sc-AxiKw joLAvU"
    />
  </div>
</div>
`;
