// Jest Snapshot v1, https://goo.gl/fbAQLP

exports[`<PushMessage/> should renders correctly 1`] = `<div />`;
