// Jest Snapshot v1, https://goo.gl/fbAQLP

exports[`<FormGroup> should render correct form group component 1`] = `
<div>
  <div
    class="sc-bdnxRM cyNRIx"
  />
</div>
`;
