// Jest Snapshot v1, https://goo.gl/fbAQLP

exports[`<Comment/> should renders correctly 1`] = `
<div>
  <div
    class="sc-crrsfI ldOFCl"
  >
    <div
      class="sc-gKsewC gBbyGQ"
    >
      <div
        class="sc-iBPRYJ bkigGD"
      >
        <figure
          class="sc-bdfBwQ eZmttX"
          style="background-color: white;"
        >
          <span
            class="sc-dlfnbm kXdhLK"
          >
            Wm
          </span>
          <img
            alt=""
            class="sc-hKgILt kmlAc sc-jSgupP eAjhPD"
            data-src="https://source.unsplash.com/random"
            loading="lazy"
            src="data:image/gif;base64,iVBORw0KGgoAAAANSUhEUgAAAAEAAAABCAQAAAC1HAwCAAAAC0lEQVR42mP88R8AAvUB+VkkrXoAAAAASUVORK5CYII="
          />
        </figure>
      </div>
      <div
        class="sc-fubCfw ffnjez"
      >
        
        <div
          class="sc-jrAGrp fpfFp"
        >
          <time />
          <div>
            ...
          </div>
        </div>
      </div>
    </div>
  </div>
</div>
`;
