// Jest Snapshot v1, https://goo.gl/fbAQLP

exports[`<Radio/> should renders correctly 1`] = `
<div>
  <label
    class="sc-AykKG iRgEwA"
  >
    Radio
  </label>
  <label
    class="sc-AykKD hcJZZv"
  >
    <input
      aria-label="Option 1"
      class="sc-AykKF OkLcO"
      name="option 1"
      required=""
      type="radio"
      value="foo"
    />
    <div
      class="sc-AykKC cHdQRz"
    >
      <svg
        focusable="false"
        height="28"
        role="presentation"
        viewBox="0 0 24 24"
        width="28"
      >
        <g
          fill-rule="evenodd"
        >
          <circle
            cx="12"
            cy="12"
            fill="currentColor"
            r="7"
          />
          <circle
            cx="12"
            cy="12"
            fill="inherit"
            r="3"
          />
        </g>
      </svg>
    </div>
    <div
      class="sc-AykKE hhOwrg"
    >
      Option 1
    </div>
  </label>
  <label
    class="sc-AykKD hcJZZv"
  >
    <input
      aria-label="Option 2"
      class="sc-AykKF OkLcO"
      disabled=""
      name="Radio"
      required=""
      type="radio"
      value="bar"
    />
    <div
      class="sc-AykKC cHdQRz"
    >
      <svg
        focusable="false"
        height="28"
        role="presentation"
        viewBox="0 0 24 24"
        width="28"
      >
        <g
          fill-rule="evenodd"
        >
          <circle
            cx="12"
            cy="12"
            fill="currentColor"
            r="7"
          />
          <circle
            cx="12"
            cy="12"
            fill="inherit"
            r="3"
          />
        </g>
      </svg>
    </div>
    <div
      class="sc-AykKE hhOwrg"
    >
      Option 2
    </div>
  </label>
</div>
`;
