// Jest Snapshot v1, https://goo.gl/fbAQLP

exports[`<InputForm/> should render correctly 1`] = `
<div>
  <div
    class="sc-jSFjdj hOedM"
  >
    <label
      class="sc-bdnxRM frNBIv"
    >
      label
       
      <span
        class="sc-dlnjwi drwbAa"
      >
        <i
          aria-hidden="true"
          class="Icon__StyledIcon-d8swi0-0 gNJswg icon-before fas fa-phone"
        />
        <input
          autocomplete="off"
          class="sc-gtsrHT bSXEP icon-before"
          type="text"
          value=""
        />
      </span>
    </label>
    <small
      class="sc-hKFxyN cBZnGA"
    >
      hint
    </small>
  </div>
  <div
    class="sc-jSFjdj hOedM"
  >
    <label
      class="sc-bdnxRM frNBIv"
    >
       
      <span
        class="sc-dlnjwi drwbAa"
      >
        <input
          autocomplete="off"
          class="sc-gtsrHT bSXEP icon-after"
          type="text"
          value=""
        />
        <i
          aria-hidden="true"
          class="Icon__StyledIcon-d8swi0-0 gNJswg icon-after fas fa-phone"
        />
      </span>
    </label>
    <small
      class="sc-hKFxyN cBZnGA"
    />
  </div>
  <div
    class="sc-jSFjdj hOedM"
  >
    <label
      class="sc-bdnxRM frNBIv"
    >
       
      <span
        class="sc-dlnjwi drwbAa"
      >
        <input
          autocomplete="off"
          class="sc-gtsrHT hkWwAO"
          type="text"
          value=""
        />
      </span>
    </label>
    <small
      class="sc-hKFxyN eiTtzt"
    />
  </div>
  <div
    class="sc-jSFjdj hOedM"
  >
    <label
      class="sc-bdnxRM frNBIv"
    >
       
      <span
        class="sc-dlnjwi drwbAa"
      >
        <input
          autocomplete="off"
          class="sc-gtsrHT bSXEP"
          type="text"
          value=""
        />
      </span>
    </label>
    <small
      class="sc-hKFxyN cBZnGA"
    />
  </div>
  <div
    class="sc-jSFjdj hOedM"
  >
    <label
      class="sc-bdnxRM frNBIv"
    >
       
      <span
        class="sc-dlnjwi drwbAa"
      >
        <input
          autocomplete="off"
          class="sc-gtsrHT bSXEP"
          disabled=""
          type="text"
          value=""
        />
      </span>
    </label>
    <small
      class="sc-hKFxyN cBZnGA"
    />
  </div>
  <div
    class="sc-jSFjdj hOedM"
  >
    <label
      class="sc-bdnxRM frNBIv"
    >
       
      <sup
        aria-hidden="true"
        class="sc-gKAaRy ggtRKD"
      >
        *
      </sup>
      <span
        class="sc-dlnjwi drwbAa"
      >
        <input
          autocomplete="off"
          class="sc-gtsrHT bSXEP"
          required=""
          type="text"
          value=""
        />
      </span>
    </label>
    <small
      class="sc-hKFxyN cBZnGA"
    />
  </div>
  <div
    class="sc-jSFjdj hOedM"
  >
    <label
      class="sc-bdnxRM frNBIv"
    >
       
      <span
        class="sc-dlnjwi drwbAa"
      >
        <input
          autocomplete="off"
          class="sc-gtsrHT jemeiw"
          type="text"
          value=""
        />
      </span>
    </label>
    <small
      class="sc-hKFxyN bIILMK"
    />
  </div>
  <div
    class="sc-jSFjdj hOedM"
  >
    <label
      class="sc-bdnxRM frNBIv"
    >
       
      <span
        class="sc-dlnjwi drwbAa"
      >
        <input
          autocomplete="off"
          class="sc-gtsrHT eOszqd"
          type="text"
          value=""
        />
      </span>
    </label>
    <small
      class="sc-hKFxyN hdWGPx"
    />
  </div>
  <div
    class="sc-jSFjdj hOedM"
  >
    <label
      class="sc-bdnxRM frNBIv"
    >
       
      <span
        class="sc-dlnjwi drwbAa"
      >
        <input
          autocomplete="off"
          class="sc-gtsrHT bSXEP"
          type="text"
          value=""
        />
        <span
          class="sc-eCApnc hjTAnw"
        >
          <div
            class="Styled__SpinnerWrapper-ues3u7-0 dzucZI"
          >
            <svg
              class="Styled__SpinnerCircular-ues3u7-1 eMdrEc"
              viewBox="25 25 50 50"
            >
              <circle
                class="Styled__SpinnerCircle-ues3u7-2 cxmtVQ"
                cx="50"
                cy="50"
                fill="none"
                r="20"
              />
            </svg>
          </div>
        </span>
      </span>
    </label>
    <small
      class="sc-hKFxyN cBZnGA"
    />
  </div>
</div>
`;
