// Jest Snapshot v1, https://goo.gl/fbAQLP

exports[`<AvatarGroup/> should renders correctly 1`] = `
Object {
  "asFragment": [Function],
  "baseElement": .c3 {
  border-radius: 50%;
  color: rgba(255,255,255,0.85);
  display: inline-block;
  line-height: 1.25;
  margin: 0;
  position: relative;
  vertical-align: middle;
  height: 2.8rem;
  width: 2.8rem;
}

.c4 {
  color: currentColor;
  left: 50%;
  position: absolute;
  top: 50%;
  -webkit-transform: translate(-50%,-50%);
  -ms-transform: translate(-50%,-50%);
  transform: translate(-50%,-50%);
  z-index: 1;
  text-transform: uppercase;
  font-weight: 500;
  font-size: 1rem;
}

.c1 {
  -webkit-align-content: space-between;
  -ms-flex-line-pack: space-between;
  align-content: space-between;
  -webkit-align-items: flex-start;
  -webkit-box-align: flex-start;
  -ms-flex-align: flex-start;
  align-items: flex-start;
  display: -webkit-box;
  display: -webkit-flex;
  display: -ms-flexbox;
  display: flex;
}

.c2 {
  -webkit-flex: 0 0 auto;
  -ms-flex: 0 0 auto;
  flex: 0 0 auto;
}

.c5 {
  -webkit-flex: 1 1 auto;
  -ms-flex: 1 1 auto;
  flex: 1 1 auto;
}

.c5:not(:last-child) {
  padding-right: 0.4rem;
}

.c5:not(:first-child) {
  padding-left: 0.4rem;
}

.c6 {
  font-weight: 500;
  margin-bottom: 0.2em;
}

.c7 {
  color: #4D6171;
  font-size: 0.7rem;
}

.c8 {
  -webkit-flex: 0 0 auto;
  -ms-flex: 0 0 auto;
  flex: 0 0 auto;
}

.c0 h1 {
  font-size: 1.6rem;
}

.c0 h2 {
  font-size: 1.4rem;
}

.c0 h3 {
  font-size: 1.2rem;
}

.c0 h4 {
  font-size: 1rem;
}

.c0 h5 {
  font-size: 0.9rem;
}

.c0 h6 {
  font-size: 0.8rem;
}

.c0 h1,
.c0 h2,
.c0 h3,
.c0 h4,
.c0 h5,
.c0 h6 {
  font-weight: 700;
  line-height: 1.25;
  margin-bottom: 0.5em;
  margin-top: 0;
  font-family: Helvetica,Arial,sans-serif;
}

.c0 h1,
.c0 h2,
.c0 h3,
.c0 h4 {
  color: #394B59;
}

.c0 h5,
.c0 h6 {
  color: #293742;
}

.c0 p {
  color: #202B33;
  line-height: 1.5;
  margin-bottom: 0.5em;
  margin-top: 0;
  font-family: Helvetica,Arial,sans-serif;
}

.c0 a {
  font-family: Helvetica,Arial,sans-serif;
  color: #008CC0;
  outline: none;
  -webkit-text-decoration: none;
  text-decoration: none;
}

.c0 a:hover {
  color: #00A7E4;
}

.c0 a:focus,
.c0 a:hover,
.c0 a:active {
  -webkit-text-decoration: underline;
  text-decoration: underline;
}

.c0 a:focus,
.c0 a:active {
  color: #007099;
}

.c0 a:focus {
  -webkit-text-decoration: none;
  text-decoration: none;
}

.c0 b,
.c0 strong {
  font-weight: bolder;
}

.c0 small {
  font-size: 80%;
  font-weight: 400;
  color: #566E82;
}

.c0 blockquote {
  margin-left: 0;
  padding: 0.4rem 0.8rem;
  color: #566E82;
}

.c0 blockquote p:last-child {
  margin-bottom: 0;
}

.c0 table {
  border-collapse: collapse;
  border-spacing: 0;
  text-align: left;
  width: 100%;
}

.c0 th {
  border-bottom: 0.05rem solid #BECEDC;
  padding: 0.6rem 0.4rem;
  border-bottom-width: 0.1rem;
}

.c0 td {
  border-bottom: 0.05rem solid #EFF3F6;
  padding: 0.6rem 0.4rem;
}

<body>
    <div>
      <div
        class="c0"
      >
        <div
          class="c1"
        >
          <div
            class="c2"
          >
            <figure
              class="c3"
              style="background-color: rgb(157, 179, 198);"
            >
              <span
                class="c4"
              >
                wd
              </span>
            </figure>
          </div>
          <div
            class="c5"
          >
            <div
              class="c6"
            >
              we-design
            </div>
            <div
              class="c7"
            >
              this is the description
            </div>
          </div>
          <div
            class="c8"
          >
            <div>
              do action
            </div>
          </div>
        </div>
      </div>
    </div>
  </body>,
  "container": <div>
    <div
      class="sc-fzXfLP cukYDc"
    >
      <div
        class="sc-AykKG kyjCvr"
      >
        <div
          class="sc-AykKH fsIIiH"
        >
          <figure
            class="sc-AykKC hTAlyy"
            style="background-color: rgb(157, 179, 198);"
          >
            <span
              class="sc-AykKD gkSYHo"
            >
              wd
            </span>
          </figure>
        </div>
        <div
          class="sc-AykKI eLQCqT"
        >
          <div
            class="sc-AykKJ jeYZkL"
          >
            we-design
          </div>
          <div
            class="sc-AykKK fHUmLc"
          >
            this is the description
          </div>
        </div>
        <div
          class="sc-fzXfLO euaKtg"
        >
          <div>
            do action
          </div>
        </div>
      </div>
    </div>
  </div>,
  "debug": [Function],
  "findAllByAltText": [Function],
  "findAllByDisplayValue": [Function],
  "findAllByLabelText": [Function],
  "findAllByPlaceholderText": [Function],
  "findAllByRole": [Function],
  "findAllByTestId": [Function],
  "findAllByText": [Function],
  "findAllByTitle": [Function],
  "findByAltText": [Function],
  "findByDisplayValue": [Function],
  "findByLabelText": [Function],
  "findByPlaceholderText": [Function],
  "findByRole": [Function],
  "findByTestId": [Function],
  "findByText": [Function],
  "findByTitle": [Function],
  "getAllByAltText": [Function],
  "getAllByDisplayValue": [Function],
  "getAllByLabelText": [Function],
  "getAllByPlaceholderText": [Function],
  "getAllByRole": [Function],
  "getAllByTestId": [Function],
  "getAllByText": [Function],
  "getAllByTitle": [Function],
  "getByAltText": [Function],
  "getByDisplayValue": [Function],
  "getByLabelText": [Function],
  "getByPlaceholderText": [Function],
  "getByRole": [Function],
  "getByTestId": [Function],
  "getByText": [Function],
  "getByTitle": [Function],
  "queryAllByAltText": [Function],
  "queryAllByDisplayValue": [Function],
  "queryAllByLabelText": [Function],
  "queryAllByPlaceholderText": [Function],
  "queryAllByRole": [Function],
  "queryAllByTestId": [Function],
  "queryAllByText": [Function],
  "queryAllByTitle": [Function],
  "queryByAltText": [Function],
  "queryByDisplayValue": [Function],
  "queryByLabelText": [Function],
  "queryByPlaceholderText": [Function],
  "queryByRole": [Function],
  "queryByTestId": [Function],
  "queryByText": [Function],
  "queryByTitle": [Function],
  "rerender": [Function],
  "unmount": [Function],
}
`;
